// Jest Snapshot v1, https://goo.gl/fbAQLP

exports[`Pruebas en <GiftGrid /> Debe reenderizarse correctamente 1`] = `
<Fragment>
  <h3>
     
    Dragon ball
     
  </h3>
  <p
    className="animate__animated animate__flash"
  >
    Loading...
  </p>
  <div
    className="card-grid"
  />
</Fragment>
`;
